[2026-05-12 16:22:22] production.ERROR: Target class [files] does not exist. {"exception":"[object] (Illuminate\\Contracts\\Container\\BindingResolutionException(code: 0): Target class [files] does not exist. at /home/labfti/Documents/ceaindonesia.id/4.Laravel-CEA/vendor/laravel/framework/src/Illuminate/Container/Container.php:961)
[stacktrace]
#0 /home/labfti/Documents/ceaindonesia.id/4.Laravel-CEA/vendor/laravel/framework/src/Illuminate/Container/Container.php(832): Illuminate\\Container\\Container->build()
#1 /home/labfti/Documents/ceaindonesia.id/4.Laravel-CEA/vendor/laravel/framework/src/Illuminate/Foundation/Application.php(1078): Illuminate\\Container\\Container->resolve()
#2 /home/labfti/Documents/ceaindonesia.id/4.Laravel-CEA/vendor/laravel/framework/src/Illuminate/Container/Container.php(763): Illuminate\\Foundation\\Application->resolve()
#3 /home/labfti/Documents/ceaindonesia.id/4.Laravel-CEA/vendor/laravel/framework/src/Illuminate/Foundation/Application.php(1058): Illuminate\\Container\\Container->make()
#4 /home/labfti/Documents/ceaindonesia.id/4.Laravel-CEA/vendor/laravel/framework/src/Illuminate/Container/Container.php(1580): Illuminate\\Foundation\\Application->make()
#5 /home/labfti/Documents/ceaindonesia.id/4.Laravel-CEA/vendor/laravel/framework/src/Illuminate/Foundation/Application.php(1345): Illuminate\\Container\\Container->offsetGet()
#6 /home/labfti/Documents/ceaindonesia.id/4.Laravel-CEA/vendor/laravel/framework/src/Illuminate/Foundation/Support/Providers/EventServiceProvider.php(107): Illuminate\\Foundation\\Application->eventsAreCached()
#7 /home/labfti/Documents/ceaindonesia.id/4.Laravel-CEA/vendor/laravel/framework/src/Illuminate/Foundation/Support/Providers/EventServiceProvider.php(58): Illuminate\\Foundation\\Support\\Providers\\EventServiceProvider->getEvents()
#8 /home/labfti/Documents/ceaindonesia.id/4.Laravel-CEA/vendor/laravel/framework/src/Illuminate/Container/BoundMethod.php(36): Illuminate\\Foundation\\Support\\Providers\\EventServiceProvider->Illuminate\\Foundation\\Support\\Providers\\{closure}()
#9 /home/labfti/Documents/ceaindonesia.id/4.Laravel-CEA/vendor/laravel/framework/src/Illuminate/Container/Util.php(43): Illuminate\\Container\\BoundMethod::Illuminate\\Container\\{closure}()
#10 /home/labfti/Documents/ceaindonesia.id/4.Laravel-CEA/vendor/laravel/framework/src/Illuminate/Container/BoundMethod.php(83): Illuminate\\Container\\Util::unwrapIfClosure()
#11 /home/labfti/Documents/ceaindonesia.id/4.Laravel-CEA/vendor/laravel/framework/src/Illuminate/Container/BoundMethod.php(35): Illuminate\\Container\\BoundMethod::callBoundMethod()
#12 /home/labfti/Documents/ceaindonesia.id/4.Laravel-CEA/vendor/laravel/framework/src/Illuminate/Container/Container.php(696): Illuminate\\Container\\BoundMethod::call()
#13 /home/labfti/Documents/ceaindonesia.id/4.Laravel-CEA/vendor/laravel/framework/src/Illuminate/Support/ServiceProvider.php(128): Illuminate\\Container\\Container->call()
#14 /home/labfti/Documents/ceaindonesia.id/4.Laravel-CEA/vendor/laravel/framework/src/Illuminate/Foundation/Application.php(1148): Illuminate\\Support\\ServiceProvider->callBootingCallbacks()
#15 /home/labfti/Documents/ceaindonesia.id/4.Laravel-CEA/vendor/laravel/framework/src/Illuminate/Foundation/Application.php(1132): Illuminate\\Foundation\\Application->bootProvider()
#16 [internal function]: Illuminate\\Foundation\\Application->Illuminate\\Foundation\\{closure}()
#17 /home/labfti/Documents/ceaindonesia.id/4.Laravel-CEA/vendor/laravel/framework/src/Illuminate/Foundation/Application.php(1131): array_walk()
#18 /home/labfti/Documents/ceaindonesia.id/4.Laravel-CEA/vendor/laravel/framework/src/Illuminate/Foundation/Bootstrap/BootProviders.php(17): Illuminate\\Foundation\\Application->boot()
#19 /home/labfti/Documents/ceaindonesia.id/4.Laravel-CEA/vendor/laravel/framework/src/Illuminate/Foundation/Application.php(342): Illuminate\\Foundation\\Bootstrap\\BootProviders->bootstrap()
#20 /home/labfti/Documents/ceaindonesia.id/4.Laravel-CEA/vendor/laravel/framework/src/Illuminate/Foundation/Console/Kernel.php(474): Illuminate\\Foundation\\Application->bootstrapWith()
#21 /home/labfti/Documents/ceaindonesia.id/4.Laravel-CEA/vendor/laravel/framework/src/Illuminate/Foundation/Console/Kernel.php(196): Illuminate\\Foundation\\Console\\Kernel->bootstrap()
#22 /home/labfti/Documents/ceaindonesia.id/4.Laravel-CEA/vendor/laravel/framework/src/Illuminate/Foundation/Application.php(1235): Illuminate\\Foundation\\Console\\Kernel->handle()
#23 /home/labfti/Documents/ceaindonesia.id/4.Laravel-CEA/artisan(12): Illuminate\\Foundation\\Application->handleCommand()
#24 {main}

[previous exception] [object] (ReflectionException(code: -1): Class \"files\" does not exist at /home/labfti/Documents/ceaindonesia.id/4.Laravel-CEA/vendor/laravel/framework/src/Illuminate/Container/Container.php:959)
[stacktrace]
#0 /home/labfti/Documents/ceaindonesia.id/4.Laravel-CEA/vendor/laravel/framework/src/Illuminate/Container/Container.php(959): ReflectionClass->__construct()
#1 /home/labfti/Documents/ceaindonesia.id/4.Laravel-CEA/vendor/laravel/framework/src/Illuminate/Container/Container.php(832): Illuminate\\Container\\Container->build()
#2 /home/labfti/Documents/ceaindonesia.id/4.Laravel-CEA/vendor/laravel/framework/src/Illuminate/Foundation/Application.php(1078): Illuminate\\Container\\Container->resolve()
#3 /home/labfti/Documents/ceaindonesia.id/4.Laravel-CEA/vendor/laravel/framework/src/Illuminate/Container/Container.php(763): Illuminate\\Foundation\\Application->resolve()
#4 /home/labfti/Documents/ceaindonesia.id/4.Laravel-CEA/vendor/laravel/framework/src/Illuminate/Foundation/Application.php(1058): Illuminate\\Container\\Container->make()
#5 /home/labfti/Documents/ceaindonesia.id/4.Laravel-CEA/vendor/laravel/framework/src/Illuminate/Container/Container.php(1580): Illuminate\\Foundation\\Application->make()
#6 /home/labfti/Documents/ceaindonesia.id/4.Laravel-CEA/vendor/laravel/framework/src/Illuminate/Foundation/Application.php(1345): Illuminate\\Container\\Container->offsetGet()
#7 /home/labfti/Documents/ceaindonesia.id/4.Laravel-CEA/vendor/laravel/framework/src/Illuminate/Foundation/Support/Providers/EventServiceProvider.php(107): Illuminate\\Foundation\\Application->eventsAreCached()
#8 /home/labfti/Documents/ceaindonesia.id/4.Laravel-CEA/vendor/laravel/framework/src/Illuminate/Foundation/Support/Providers/EventServiceProvider.php(58): Illuminate\\Foundation\\Support\\Providers\\EventServiceProvider->getEvents()
#9 /home/labfti/Documents/ceaindonesia.id/4.Laravel-CEA/vendor/laravel/framework/src/Illuminate/Container/BoundMethod.php(36): Illuminate\\Foundation\\Support\\Providers\\EventServiceProvider->Illuminate\\Foundation\\Support\\Providers\\{closure}()
#10 /home/labfti/Documents/ceaindonesia.id/4.Laravel-CEA/vendor/laravel/framework/src/Illuminate/Container/Util.php(43): Illuminate\\Container\\BoundMethod::Illuminate\\Container\\{closure}()
#11 /home/labfti/Documents/ceaindonesia.id/4.Laravel-CEA/vendor/laravel/framework/src/Illuminate/Container/BoundMethod.php(83): Illuminate\\Container\\Util::unwrapIfClosure()
#12 /home/labfti/Documents/ceaindonesia.id/4.Laravel-CEA/vendor/laravel/framework/src/Illuminate/Container/BoundMethod.php(35): Illuminate\\Container\\BoundMethod::callBoundMethod()
#13 /home/labfti/Documents/ceaindonesia.id/4.Laravel-CEA/vendor/laravel/framework/src/Illuminate/Container/Container.php(696): Illuminate\\Container\\BoundMethod::call()
#14 /home/labfti/Documents/ceaindonesia.id/4.Laravel-CEA/vendor/laravel/framework/src/Illuminate/Support/ServiceProvider.php(128): Illuminate\\Container\\Container->call()
#15 /home/labfti/Documents/ceaindonesia.id/4.Laravel-CEA/vendor/laravel/framework/src/Illuminate/Foundation/Application.php(1148): Illuminate\\Support\\ServiceProvider->callBootingCallbacks()
#16 /home/labfti/Documents/ceaindonesia.id/4.Laravel-CEA/vendor/laravel/framework/src/Illuminate/Foundation/Application.php(1132): Illuminate\\Foundation\\Application->bootProvider()
#17 [internal function]: Illuminate\\Foundation\\Application->Illuminate\\Foundation\\{closure}()
#18 /home/labfti/Documents/ceaindonesia.id/4.Laravel-CEA/vendor/laravel/framework/src/Illuminate/Foundation/Application.php(1131): array_walk()
#19 /home/labfti/Documents/ceaindonesia.id/4.Laravel-CEA/vendor/laravel/framework/src/Illuminate/Foundation/Bootstrap/BootProviders.php(17): Illuminate\\Foundation\\Application->boot()
#20 /home/labfti/Documents/ceaindonesia.id/4.Laravel-CEA/vendor/laravel/framework/src/Illuminate/Foundation/Application.php(342): Illuminate\\Foundation\\Bootstrap\\BootProviders->bootstrap()
#21 /home/labfti/Documents/ceaindonesia.id/4.Laravel-CEA/vendor/laravel/framework/src/Illuminate/Foundation/Console/Kernel.php(474): Illuminate\\Foundation\\Application->bootstrapWith()
#22 /home/labfti/Documents/ceaindonesia.id/4.Laravel-CEA/vendor/laravel/framework/src/Illuminate/Foundation/Console/Kernel.php(196): Illuminate\\Foundation\\Console\\Kernel->bootstrap()
#23 /home/labfti/Documents/ceaindonesia.id/4.Laravel-CEA/vendor/laravel/framework/src/Illuminate/Foundation/Application.php(1235): Illuminate\\Foundation\\Console\\Kernel->handle()
#24 /home/labfti/Documents/ceaindonesia.id/4.Laravel-CEA/artisan(12): Illuminate\\Foundation\\Application->handleCommand()
#25 {main}
"} 
[2026-05-12 16:25:03] production.ERROR: file_get_contents(/home/labfti/Documents/ceaindonesia.id/4.Laravel-CEA/.env): Failed to open stream: No such file or directory {"exception":"[object] (ErrorException(code: 0): file_get_contents(/home/labfti/Documents/ceaindonesia.id/4.Laravel-CEA/.env): Failed to open stream: No such file or directory at /home/labfti/Documents/ceaindonesia.id/4.Laravel-CEA/vendor/laravel/framework/src/Illuminate/Foundation/Console/KeyGenerateCommand.php:100)
[stacktrace]
#0 /home/labfti/Documents/ceaindonesia.id/4.Laravel-CEA/vendor/laravel/framework/src/Illuminate/Foundation/Bootstrap/HandleExceptions.php(258): Illuminate\\Foundation\\Bootstrap\\HandleExceptions->handleError()
#1 [internal function]: Illuminate\\Foundation\\Bootstrap\\HandleExceptions->Illuminate\\Foundation\\Bootstrap\\{closure}()
#2 /home/labfti/Documents/ceaindonesia.id/4.Laravel-CEA/vendor/laravel/framework/src/Illuminate/Foundation/Console/KeyGenerateCommand.php(100): file_get_contents()
#3 /home/labfti/Documents/ceaindonesia.id/4.Laravel-CEA/vendor/laravel/framework/src/Illuminate/Foundation/Console/KeyGenerateCommand.php(82): Illuminate\\Foundation\\Console\\KeyGenerateCommand->writeNewEnvironmentFileWith()
#4 /home/labfti/Documents/ceaindonesia.id/4.Laravel-CEA/vendor/laravel/framework/src/Illuminate/Foundation/Console/KeyGenerateCommand.php(47): Illuminate\\Foundation\\Console\\KeyGenerateCommand->setKeyInEnvironmentFile()
#5 /home/labfti/Documents/ceaindonesia.id/4.Laravel-CEA/vendor/laravel/framework/src/Illuminate/Container/BoundMethod.php(36): Illuminate\\Foundation\\Console\\KeyGenerateCommand->handle()
#6 /home/labfti/Documents/ceaindonesia.id/4.Laravel-CEA/vendor/laravel/framework/src/Illuminate/Container/Util.php(43): Illuminate\\Container\\BoundMethod::Illuminate\\Container\\{closure}()
#7 /home/labfti/Documents/ceaindonesia.id/4.Laravel-CEA/vendor/laravel/framework/src/Illuminate/Container/BoundMethod.php(95): Illuminate\\Container\\Util::unwrapIfClosure()
#8 /home/labfti/Documents/ceaindonesia.id/4.Laravel-CEA/vendor/laravel/framework/src/Illuminate/Container/BoundMethod.php(35): Illuminate\\Container\\BoundMethod::callBoundMethod()
#9 /home/labfti/Documents/ceaindonesia.id/4.Laravel-CEA/vendor/laravel/framework/src/Illuminate/Container/Container.php(696): Illuminate\\Container\\BoundMethod::call()
#10 /home/labfti/Documents/ceaindonesia.id/4.Laravel-CEA/vendor/laravel/framework/src/Illuminate/Console/Command.php(213): Illuminate\\Container\\Container->call()
#11 /home/labfti/Documents/ceaindonesia.id/4.Laravel-CEA/vendor/symfony/console/Command/Command.php(341): Illuminate\\Console\\Command->execute()
#12 /home/labfti/Documents/ceaindonesia.id/4.Laravel-CEA/vendor/laravel/framework/src/Illuminate/Console/Command.php(182): Symfony\\Component\\Console\\Command\\Command->run()
#13 /home/labfti/Documents/ceaindonesia.id/4.Laravel-CEA/vendor/symfony/console/Application.php(1117): Illuminate\\Console\\Command->run()
#14 /home/labfti/Documents/ceaindonesia.id/4.Laravel-CEA/vendor/symfony/console/Application.php(356): Symfony\\Component\\Console\\Application->doRunCommand()
#15 /home/labfti/Documents/ceaindonesia.id/4.Laravel-CEA/vendor/symfony/console/Application.php(195): Symfony\\Component\\Console\\Application->doRun()
#16 /home/labfti/Documents/ceaindonesia.id/4.Laravel-CEA/vendor/laravel/framework/src/Illuminate/Foundation/Console/Kernel.php(198): Symfony\\Component\\Console\\Application->run()
#17 /home/labfti/Documents/ceaindonesia.id/4.Laravel-CEA/vendor/laravel/framework/src/Illuminate/Foundation/Application.php(1235): Illuminate\\Foundation\\Console\\Kernel->handle()
#18 /home/labfti/Documents/ceaindonesia.id/4.Laravel-CEA/artisan(12): Illuminate\\Foundation\\Application->handleCommand()
#19 {main}
"} 
[2026-05-12 16:28:58] production.ERROR: file_get_contents(/home/labfti/Documents/ceaindonesia.id/4.Laravel-CEA/.env): Failed to open stream: No such file or directory {"exception":"[object] (ErrorException(code: 0): file_get_contents(/home/labfti/Documents/ceaindonesia.id/4.Laravel-CEA/.env): Failed to open stream: No such file or directory at /home/labfti/Documents/ceaindonesia.id/4.Laravel-CEA/vendor/laravel/framework/src/Illuminate/Foundation/Console/KeyGenerateCommand.php:100)
[stacktrace]
#0 /home/labfti/Documents/ceaindonesia.id/4.Laravel-CEA/vendor/laravel/framework/src/Illuminate/Foundation/Bootstrap/HandleExceptions.php(258): Illuminate\\Foundation\\Bootstrap\\HandleExceptions->handleError()
#1 [internal function]: Illuminate\\Foundation\\Bootstrap\\HandleExceptions->Illuminate\\Foundation\\Bootstrap\\{closure}()
#2 /home/labfti/Documents/ceaindonesia.id/4.Laravel-CEA/vendor/laravel/framework/src/Illuminate/Foundation/Console/KeyGenerateCommand.php(100): file_get_contents()
#3 /home/labfti/Documents/ceaindonesia.id/4.Laravel-CEA/vendor/laravel/framework/src/Illuminate/Foundation/Console/KeyGenerateCommand.php(82): Illuminate\\Foundation\\Console\\KeyGenerateCommand->writeNewEnvironmentFileWith()
#4 /home/labfti/Documents/ceaindonesia.id/4.Laravel-CEA/vendor/laravel/framework/src/Illuminate/Foundation/Console/KeyGenerateCommand.php(47): Illuminate\\Foundation\\Console\\KeyGenerateCommand->setKeyInEnvironmentFile()
#5 /home/labfti/Documents/ceaindonesia.id/4.Laravel-CEA/vendor/laravel/framework/src/Illuminate/Container/BoundMethod.php(36): Illuminate\\Foundation\\Console\\KeyGenerateCommand->handle()
#6 /home/labfti/Documents/ceaindonesia.id/4.Laravel-CEA/vendor/laravel/framework/src/Illuminate/Container/Util.php(43): Illuminate\\Container\\BoundMethod::Illuminate\\Container\\{closure}()
#7 /home/labfti/Documents/ceaindonesia.id/4.Laravel-CEA/vendor/laravel/framework/src/Illuminate/Container/BoundMethod.php(95): Illuminate\\Container\\Util::unwrapIfClosure()
#8 /home/labfti/Documents/ceaindonesia.id/4.Laravel-CEA/vendor/laravel/framework/src/Illuminate/Container/BoundMethod.php(35): Illuminate\\Container\\BoundMethod::callBoundMethod()
#9 /home/labfti/Documents/ceaindonesia.id/4.Laravel-CEA/vendor/laravel/framework/src/Illuminate/Container/Container.php(696): Illuminate\\Container\\BoundMethod::call()
#10 /home/labfti/Documents/ceaindonesia.id/4.Laravel-CEA/vendor/laravel/framework/src/Illuminate/Console/Command.php(213): Illuminate\\Container\\Container->call()
#11 /home/labfti/Documents/ceaindonesia.id/4.Laravel-CEA/vendor/symfony/console/Command/Command.php(341): Illuminate\\Console\\Command->execute()
#12 /home/labfti/Documents/ceaindonesia.id/4.Laravel-CEA/vendor/laravel/framework/src/Illuminate/Console/Command.php(182): Symfony\\Component\\Console\\Command\\Command->run()
#13 /home/labfti/Documents/ceaindonesia.id/4.Laravel-CEA/vendor/symfony/console/Application.php(1117): Illuminate\\Console\\Command->run()
#14 /home/labfti/Documents/ceaindonesia.id/4.Laravel-CEA/vendor/symfony/console/Application.php(356): Symfony\\Component\\Console\\Application->doRunCommand()
#15 /home/labfti/Documents/ceaindonesia.id/4.Laravel-CEA/vendor/symfony/console/Application.php(195): Symfony\\Component\\Console\\Application->doRun()
#16 /home/labfti/Documents/ceaindonesia.id/4.Laravel-CEA/vendor/laravel/framework/src/Illuminate/Foundation/Console/Kernel.php(198): Symfony\\Component\\Console\\Application->run()
#17 /home/labfti/Documents/ceaindonesia.id/4.Laravel-CEA/vendor/laravel/framework/src/Illuminate/Foundation/Application.php(1235): Illuminate\\Foundation\\Console\\Kernel->handle()
#18 /home/labfti/Documents/ceaindonesia.id/4.Laravel-CEA/artisan(12): Illuminate\\Foundation\\Application->handleCommand()
#19 {main}
"} 
[2026-05-12 16:29:25] production.ERROR: Call to undefined function Illuminate\Support\mb_split() {"exception":"[object] (Error(code: 0): Call to undefined function Illuminate\\Support\\mb_split() at /home/labfti/Documents/ceaindonesia.id/4.Laravel-CEA/vendor/laravel/framework/src/Illuminate/Support/Str.php:1641)
[stacktrace]
#0 /home/labfti/Documents/ceaindonesia.id/4.Laravel-CEA/vendor/laravel/framework/src/Illuminate/Support/Manager.php(103): Illuminate\\Support\\Str::studly()
#1 /home/labfti/Documents/ceaindonesia.id/4.Laravel-CEA/vendor/laravel/framework/src/Illuminate/Support/Manager.php(80): Illuminate\\Support\\Manager->createDriver()
#2 /home/labfti/Documents/ceaindonesia.id/4.Laravel-CEA/vendor/laravel/framework/src/Illuminate/Foundation/Providers/FoundationServiceProvider.php(290): Illuminate\\Support\\Manager->driver()
#3 /home/labfti/Documents/ceaindonesia.id/4.Laravel-CEA/vendor/laravel/framework/src/Illuminate/Container/Container.php(952): Illuminate\\Foundation\\Providers\\FoundationServiceProvider->Illuminate\\Foundation\\Providers\\{closure}()
#4 /home/labfti/Documents/ceaindonesia.id/4.Laravel-CEA/vendor/laravel/framework/src/Illuminate/Container/Container.php(832): Illuminate\\Container\\Container->build()
#5 /home/labfti/Documents/ceaindonesia.id/4.Laravel-CEA/vendor/laravel/framework/src/Illuminate/Foundation/Application.php(1078): Illuminate\\Container\\Container->resolve()
#6 /home/labfti/Documents/ceaindonesia.id/4.Laravel-CEA/vendor/laravel/framework/src/Illuminate/Container/Container.php(763): Illuminate\\Foundation\\Application->resolve()
#7 /home/labfti/Documents/ceaindonesia.id/4.Laravel-CEA/vendor/laravel/framework/src/Illuminate/Foundation/Application.php(1058): Illuminate\\Container\\Container->make()
#8 /home/labfti/Documents/ceaindonesia.id/4.Laravel-CEA/vendor/laravel/framework/src/Illuminate/Foundation/Application.php(1396): Illuminate\\Foundation\\Application->make()
#9 /home/labfti/Documents/ceaindonesia.id/4.Laravel-CEA/vendor/laravel/framework/src/Illuminate/Foundation/Http/Middleware/PreventRequestsDuringMaintenance.php(65): Illuminate\\Foundation\\Application->maintenanceMode()
#10 /home/labfti/Documents/ceaindonesia.id/4.Laravel-CEA/vendor/laravel/framework/src/Illuminate/Pipeline/Pipeline.php(209): Illuminate\\Foundation\\Http\\Middleware\\PreventRequestsDuringMaintenance->handle()
#11 /home/labfti/Documents/ceaindonesia.id/4.Laravel-CEA/vendor/laravel/framework/src/Illuminate/Http/Middleware/HandleCors.php(49): Illuminate\\Pipeline\\Pipeline->Illuminate\\Pipeline\\{closure}()
#12 /home/labfti/Documents/ceaindonesia.id/4.Laravel-CEA/vendor/laravel/framework/src/Illuminate/Pipeline/Pipeline.php(209): Illuminate\\Http\\Middleware\\HandleCors->handle()
#13 /home/labfti/Documents/ceaindonesia.id/4.Laravel-CEA/vendor/laravel/framework/src/Illuminate/Http/Middleware/TrustProxies.php(58): Illuminate\\Pipeline\\Pipeline->Illuminate\\Pipeline\\{closure}()
#14 /home/labfti/Documents/ceaindonesia.id/4.Laravel-CEA/vendor/laravel/framework/src/Illuminate/Pipeline/Pipeline.php(209): Illuminate\\Http\\Middleware\\TrustProxies->handle()
#15 /home/labfti/Documents/ceaindonesia.id/4.Laravel-CEA/vendor/laravel/framework/src/Illuminate/Foundation/Http/Middleware/InvokeDeferredCallbacks.php(22): Illuminate\\Pipeline\\Pipeline->Illuminate\\Pipeline\\{closure}()
#16 /home/labfti/Documents/ceaindonesia.id/4.Laravel-CEA/vendor/laravel/framework/src/Illuminate/Pipeline/Pipeline.php(209): Illuminate\\Foundation\\Http\\Middleware\\InvokeDeferredCallbacks->handle()
#17 /home/labfti/Documents/ceaindonesia.id/4.Laravel-CEA/vendor/laravel/framework/src/Illuminate/Pipeline/Pipeline.php(127): Illuminate\\Pipeline\\Pipeline->Illuminate\\Pipeline\\{closure}()
#18 /home/labfti/Documents/ceaindonesia.id/4.Laravel-CEA/vendor/laravel/framework/src/Illuminate/Foundation/Http/Kernel.php(176): Illuminate\\Pipeline\\Pipeline->then()
#19 /home/labfti/Documents/ceaindonesia.id/4.Laravel-CEA/vendor/laravel/framework/src/Illuminate/Foundation/Http/Kernel.php(145): Illuminate\\Foundation\\Http\\Kernel->sendRequestThroughRouter()
#20 /home/labfti/Documents/ceaindonesia.id/4.Laravel-CEA/vendor/laravel/framework/src/Illuminate/Foundation/Application.php(1220): Illuminate\\Foundation\\Http\\Kernel->handle()
#21 /home/labfti/Documents/ceaindonesia.id/4.Laravel-CEA/public/index.php(17): Illuminate\\Foundation\\Application->handleRequest()
#22 /home/labfti/Documents/ceaindonesia.id/4.Laravel-CEA/vendor/laravel/framework/src/Illuminate/Foundation/resources/server.php(23): require_once('...')
#23 {main}
"} 
[2026-05-12 16:29:25] production.ERROR: Call to undefined function Illuminate\Support\mb_split() {"exception":"[object] (Error(code: 0): Call to undefined function Illuminate\\Support\\mb_split() at /home/labfti/Documents/ceaindonesia.id/4.Laravel-CEA/vendor/laravel/framework/src/Illuminate/Support/Str.php:1641)
[stacktrace]
#0 /home/labfti/Documents/ceaindonesia.id/4.Laravel-CEA/vendor/laravel/framework/src/Illuminate/Support/Manager.php(103): Illuminate\\Support\\Str::studly()
#1 /home/labfti/Documents/ceaindonesia.id/4.Laravel-CEA/vendor/laravel/framework/src/Illuminate/Support/Manager.php(80): Illuminate\\Support\\Manager->createDriver()
#2 /home/labfti/Documents/ceaindonesia.id/4.Laravel-CEA/vendor/laravel/framework/src/Illuminate/Session/SessionServiceProvider.php(52): Illuminate\\Support\\Manager->driver()
#3 /home/labfti/Documents/ceaindonesia.id/4.Laravel-CEA/vendor/laravel/framework/src/Illuminate/Container/Container.php(952): Illuminate\\Session\\SessionServiceProvider->Illuminate\\Session\\{closure}()
#4 /home/labfti/Documents/ceaindonesia.id/4.Laravel-CEA/vendor/laravel/framework/src/Illuminate/Container/Container.php(832): Illuminate\\Container\\Container->build()
#5 /home/labfti/Documents/ceaindonesia.id/4.Laravel-CEA/vendor/laravel/framework/src/Illuminate/Foundation/Application.php(1078): Illuminate\\Container\\Container->resolve()
#6 /home/labfti/Documents/ceaindonesia.id/4.Laravel-CEA/vendor/laravel/framework/src/Illuminate/Container/Container.php(763): Illuminate\\Foundation\\Application->resolve()
#7 /home/labfti/Documents/ceaindonesia.id/4.Laravel-CEA/vendor/laravel/framework/src/Illuminate/Foundation/Application.php(1058): Illuminate\\Container\\Container->make()
#8 /home/labfti/Documents/ceaindonesia.id/4.Laravel-CEA/vendor/laravel/framework/src/Illuminate/Container/Container.php(1580): Illuminate\\Foundation\\Application->make()
#9 /home/labfti/Documents/ceaindonesia.id/4.Laravel-CEA/vendor/laravel/framework/src/Illuminate/Routing/RoutingServiceProvider.php(121): Illuminate\\Container\\Container->offsetGet()
#10 /home/labfti/Documents/ceaindonesia.id/4.Laravel-CEA/vendor/laravel/framework/src/Illuminate/Container/Container.php(952): Illuminate\\Routing\\RoutingServiceProvider->Illuminate\\Routing\\{closure}()
#11 /home/labfti/Documents/ceaindonesia.id/4.Laravel-CEA/vendor/laravel/framework/src/Illuminate/Container/Container.php(832): Illuminate\\Container\\Container->build()
#12 /home/labfti/Documents/ceaindonesia.id/4.Laravel-CEA/vendor/laravel/framework/src/Illuminate/Foundation/Application.php(1078): Illuminate\\Container\\Container->resolve()
#13 /home/labfti/Documents/ceaindonesia.id/4.Laravel-CEA/vendor/laravel/framework/src/Illuminate/Container/Container.php(763): Illuminate\\Foundation\\Application->resolve()
#14 /home/labfti/Documents/ceaindonesia.id/4.Laravel-CEA/vendor/laravel/framework/src/Illuminate/Foundation/Application.php(1058): Illuminate\\Container\\Container->make()
#15 /home/labfti/Documents/ceaindonesia.id/4.Laravel-CEA/vendor/laravel/framework/src/Illuminate/Container/Container.php(1580): Illuminate\\Foundation\\Application->make()
#16 /home/labfti/Documents/ceaindonesia.id/4.Laravel-CEA/vendor/laravel/framework/src/Illuminate/Routing/RoutingServiceProvider.php(177): Illuminate\\Container\\Container->offsetGet()
#17 /home/labfti/Documents/ceaindonesia.id/4.Laravel-CEA/vendor/laravel/framework/src/Illuminate/Container/Container.php(952): Illuminate\\Routing\\RoutingServiceProvider->Illuminate\\Routing\\{closure}()
#18 /home/labfti/Documents/ceaindonesia.id/4.Laravel-CEA/vendor/laravel/framework/src/Illuminate/Container/Container.php(832): Illuminate\\Container\\Container->build()
#19 /home/labfti/Documents/ceaindonesia.id/4.Laravel-CEA/vendor/laravel/framework/src/Illuminate/Foundation/Application.php(1078): Illuminate\\Container\\Container->resolve()
#20 /home/labfti/Documents/ceaindonesia.id/4.Laravel-CEA/vendor/laravel/framework/src/Illuminate/Container/Container.php(763): Illuminate\\Foundation\\Application->resolve()
#21 /home/labfti/Documents/ceaindonesia.id/4.Laravel-CEA/vendor/laravel/framework/src/Illuminate/Foundation/Application.php(1058): Illuminate\\Container\\Container->make()
#22 /home/labfti/Documents/ceaindonesia.id/4.Laravel-CEA/vendor/laravel/framework/src/Illuminate/Foundation/helpers.php(124): Illuminate\\Foundation\\Application->make()
#23 /home/labfti/Documents/ceaindonesia.id/4.Laravel-CEA/vendor/laravel/framework/src/Illuminate/Foundation/helpers.php(832): app()
#24 /home/labfti/Documents/ceaindonesia.id/4.Laravel-CEA/vendor/laravel/framework/src/Illuminate/Foundation/Exceptions/Handler.php(894): response()
#25 /home/labfti/Documents/ceaindonesia.id/4.Laravel-CEA/vendor/laravel/framework/src/Illuminate/Foundation/Exceptions/Handler.php(815): Illuminate\\Foundation\\Exceptions\\Handler->renderHttpException()
#26 /home/labfti/Documents/ceaindonesia.id/4.Laravel-CEA/vendor/laravel/framework/src/Illuminate/Foundation/Exceptions/Handler.php(706): Illuminate\\Foundation\\Exceptions\\Handler->prepareResponse()
#27 /home/labfti/Documents/ceaindonesia.id/4.Laravel-CEA/vendor/laravel/framework/src/Illuminate/Foundation/Exceptions/Handler.php(594): Illuminate\\Foundation\\Exceptions\\Handler->renderExceptionResponse()
#28 /home/labfti/Documents/ceaindonesia.id/4.Laravel-CEA/vendor/laravel/framework/src/Illuminate/Routing/Pipeline.php(51): Illuminate\\Foundation\\Exceptions\\Handler->render()
#29 /home/labfti/Documents/ceaindonesia.id/4.Laravel-CEA/vendor/laravel/framework/src/Illuminate/Pipeline/Pipeline.php(214): Illuminate\\Routing\\Pipeline->handleException()
#30 /home/labfti/Documents/ceaindonesia.id/4.Laravel-CEA/vendor/laravel/framework/src/Illuminate/Http/Middleware/HandleCors.php(49): Illuminate\\Pipeline\\Pipeline->Illuminate\\Pipeline\\{closure}()
#31 /home/labfti/Documents/ceaindonesia.id/4.Laravel-CEA/vendor/laravel/framework/src/Illuminate/Pipeline/Pipeline.php(209): Illuminate\\Http\\Middleware\\HandleCors->handle()
#32 /home/labfti/Documents/ceaindonesia.id/4.Laravel-CEA/vendor/laravel/framework/src/Illuminate/Http/Middleware/TrustProxies.php(58): Illuminate\\Pipeline\\Pipeline->Illuminate\\Pipeline\\{closure}()
#33 /home/labfti/Documents/ceaindonesia.id/4.Laravel-CEA/vendor/laravel/framework/src/Illuminate/Pipeline/Pipeline.php(209): Illuminate\\Http\\Middleware\\TrustProxies->handle()
#34 /home/labfti/Documents/ceaindonesia.id/4.Laravel-CEA/vendor/laravel/framework/src/Illuminate/Foundation/Http/Middleware/InvokeDeferredCallbacks.php(22): Illuminate\\Pipeline\\Pipeline->Illuminate\\Pipeline\\{closure}()
#35 /home/labfti/Documents/ceaindonesia.id/4.Laravel-CEA/vendor/laravel/framework/src/Illuminate/Pipeline/Pipeline.php(209): Illuminate\\Foundation\\Http\\Middleware\\InvokeDeferredCallbacks->handle()
#36 /home/labfti/Documents/ceaindonesia.id/4.Laravel-CEA/vendor/laravel/framework/src/Illuminate/Pipeline/Pipeline.php(127): Illuminate\\Pipeline\\Pipeline->Illuminate\\Pipeline\\{closure}()
#37 /home/labfti/Documents/ceaindonesia.id/4.Laravel-CEA/vendor/laravel/framework/src/Illuminate/Foundation/Http/Kernel.php(176): Illuminate\\Pipeline\\Pipeline->then()
#38 /home/labfti/Documents/ceaindonesia.id/4.Laravel-CEA/vendor/laravel/framework/src/Illuminate/Foundation/Http/Kernel.php(145): Illuminate\\Foundation\\Http\\Kernel->sendRequestThroughRouter()
#39 /home/labfti/Documents/ceaindonesia.id/4.Laravel-CEA/vendor/laravel/framework/src/Illuminate/Foundation/Application.php(1220): Illuminate\\Foundation\\Http\\Kernel->handle()
#40 /home/labfti/Documents/ceaindonesia.id/4.Laravel-CEA/public/index.php(17): Illuminate\\Foundation\\Application->handleRequest()
#41 /home/labfti/Documents/ceaindonesia.id/4.Laravel-CEA/vendor/laravel/framework/src/Illuminate/Foundation/resources/server.php(23): require_once('...')
#42 {main}
"} 
